../Core/Src/main.c:78:6:vTask1	16	static
../Core/Src/main.c:87:6:vTask2	16	static
../Core/Src/main.c:101:5:main	16	static
../Core/Src/main.c:189:6:SystemClock_Config	80	static
../Core/Src/main.c:225:13:MX_GPIO_Init	48	static
../Core/Src/main.c:266:6:StartDefaultTask	16	static
../Core/Src/main.c:284:6:StartLED1Task	16	static
../Core/Src/main.c:306:6:StartLED2Task	16	static
../Core/Src/main.c:326:6:HAL_TIM_PeriodElapsedCallback	16	static
../Core/Src/main.c:343:6:Error_Handler	8	static,ignoring_inline_asm
